
> new-web-app@0.0.0 build
> vite build

[36mvite v7.3.1 [32mbuilding client environment for production...[36m[39m
transforming...
[32mΓ£ô[39m 2611 modules transformed.
node.exe : 
[31mΓ£ù[39m Build 
failed in 6.14s
At C:\Program Files\nod
ejs\npm.ps1:29 char:3
+   & $NODE_EXE 
$NPM_CLI_JS $args
+   ~~~~~~~~~~~~~~~~~~~
~~~~~~~~~~
    + CategoryInfo     
         : 
NotSpecified    : 
([31mΓ£ù[39m Bu    
ild failed in 6.14s    
:String) [], Remote    
Exception
    + 
FullyQualifiedErr    
orId : NativeComman    
dError
 
[31merror during 
build:
[31msrc/store/courseSl
ice.js (3:9): 
"BASE_URL" is not 
exported by "src/store/
profileSlice.js", 
imported by "src/store/
courseSlice.js".[31m
file: 
[36mD:/DevSpectra 
Client Projects/tncdc/t
ncdc/frontend/src/store
/courseSlice.js:3:9[31
m
[33m
1: import { 
createSlice, 
createAsyncThunk } 
from 
'@reduxjs/toolkit';
2: import axios from 
'axios';
3: import { BASE_URL } 
from './profileSlice';
            ^
4: 
5: const API_URL = `${B
ASE_URL}/api/course-cat
egories`;
[31m
    at getRollupError (
file:///D:/DevSpectra%2
0Client%20Projects/tncd
c/tncdc/frontend/node_m
odules/rollup/dist/es/s
hared/parseAst.js:402:4
1)
    at error (file:///D
:/DevSpectra%20Client%2
0Projects/tncdc/tncdc/f
rontend/node_modules/ro
llup/dist/es/shared/par
seAst.js:398:42)
    at Module.error (fi
le:///D:/DevSpectra%20C
lient%20Projects/tncdc/
tncdc/frontend/node_mod
ules/rollup/dist/es/sha
red/node-entry.js:17040
:16)
    at 
Module.traceVariable (f
ile:///D:/DevSpectra%20
Client%20Projects/tncdc
/tncdc/frontend/node_mo
dules/rollup/dist/es/sh
ared/node-entry.js:1745
2:29)
    at ModuleScope.find
Variable (file:///D:/De
vSpectra%20Client%20Pro
jects/tncdc/tncdc/front
end/node_modules/rollup
/dist/es/shared/node-en
try.js:15070:39)
    at Identifier.bind 
(file:///D:/DevSpectra%
20Client%20Projects/tnc
dc/tncdc/frontend/node_
modules/rollup/dist/es/
shared/node-entry.js:54
47:40)
    at 
TemplateLiteral.bind (f
ile:///D:/DevSpectra%20
Client%20Projects/tncdc
/tncdc/frontend/node_mo
dules/rollup/dist/es/sh
ared/node-entry.js:2825
:28)
    at VariableDeclarat
or.bind (file:///D:/Dev
Spectra%20Client%20Proj
ects/tncdc/tncdc/fronte
nd/node_modules/rollup/
dist/es/shared/node-ent
ry.js:2829:23)
    at VariableDeclarat
ion.bind (file:///D:/De
vSpectra%20Client%20Pro
jects/tncdc/tncdc/front
end/node_modules/rollup
/dist/es/shared/node-en
try.js:2825:28)
    at Program.bind (fi
le:///D:/DevSpectra%20C
lient%20Projects/tncdc/
tncdc/frontend/node_mod
ules/rollup/dist/es/sha
red/node-entry.js:2825:
28)[39m
